Nothing to build in platform 'design_1_wrapper'

14:58:34 **** Incremental Build of configuration Debug for project mio_led_vitis ****
make all 
make --no-print-directory pre-build
a9-linaro-pre-build-step
 
make --no-print-directory main-build
Building file: ../src/helloworld.c
Invoking: ARM v7 gcc compiler
arm-none-eabi-gcc -Wall -O0 -g3 -c -fmessage-length=0 -MT"src/helloworld.o" -mcpu=cortex-a9 -mfpu=vfpv3 -mfloat-abi=hard -I/home/kiran/Projects/fpgaProjects/EmbeddedSystemDesign/mio_led/mio_led_vitis/design_1_wrapper/export/design_1_wrapper/sw/design_1_wrapper/standalone_ps7_cortexa9_0/bspinclude/include -MMD -MP -MF"src/helloworld.d" -MT"src/helloworld.o" -o "src/helloworld.o" "../src/helloworld.c"
../src/helloworld.c: In function 'main':
../src/helloworld.c:85:9: warning: implicit declaration of function 'sleep' [-Wimplicit-function-declaration]
   85 |         sleep(1);
      |         ^~~~~
Finished building: ../src/helloworld.c
 
Building target: mio_led_vitis.elf
Invoking: ARM v7 gcc linker
arm-none-eabi-gcc -mcpu=cortex-a9 -mfpu=vfpv3 -mfloat-abi=hard -Wl,-build-id=none -specs=Xilinx.spec -Wl,-T -Wl,../src/lscript.ld -L/home/kiran/Projects/fpgaProjects/EmbeddedSystemDesign/mio_led/mio_led_vitis/design_1_wrapper/export/design_1_wrapper/sw/design_1_wrapper/standalone_ps7_cortexa9_0/bsplib/lib -o "mio_led_vitis.elf" ./src/helloworld.o ./src/platform.o   -Wl,--start-group,-lxil,-lgcc,-lc,--end-group
Finished building target: mio_led_vitis.elf
 
Invoking: ARM v7 Print Size
arm-none-eabi-size mio_led_vitis.elf  |tee "mio_led_vitis.elf.size"
   text	   data	    bss	    dec	    hex	filename
  25757	   1152	  22616	  49525	   c175	mio_led_vitis.elf
Finished building: mio_led_vitis.elf.size
 
14:58:38 **** Incremental Build of configuration Debug for project mio_led_vitis_system ****
make all 
Generating bif file for the system project
Executing command '::scw::generate_bif -xpfm /home/kiran/Projects/fpgaProjects/EmbeddedSystemDesign/mio_led/mio_led_vitis/design_1_wrapper/export/design_1_wrapper/design_1_wrapper.xpfm -domains standalone_ps7_cortexa9_0 -bifpath /home/kiran/Projects/fpgaProjects/EmbeddedSystemDesign/mio_led/mio_led_vitis/mio_led_vitis_system/Debug/system.bif' on XSCT
sdcard_gen --xpfm /home/kiran/Projects/fpgaProjects/EmbeddedSystemDesign/mio_led/mio_led_vitis/design_1_wrapper/export/design_1_wrapper/design_1_wrapper.xpfm --sys_config design_1_wrapper --bif /home/kiran/Projects/fpgaProjects/EmbeddedSystemDesign/mio_led/mio_led_vitis/mio_led_vitis_system/Debug/system.bif --bitstream /home/kiran/Projects/fpgaProjects/EmbeddedSystemDesign/mio_led/mio_led_vitis/mio_led_vitis/_ide/bitstream/design_1_wrapper.bit --elf /home/kiran/Projects/fpgaProjects/EmbeddedSystemDesign/mio_led/mio_led_vitis/mio_led_vitis/Debug/mio_led_vitis.elf,ps7_cortexa9_0
creating BOOT.BIN using /home/kiran/Projects/fpgaProjects/EmbeddedSystemDesign/mio_led/mio_led_vitis/mio_led_vitis/_ide/bitstream/design_1_wrapper.bit
Running /tools/Xilinx/Vitis/2022.2/bin/bootgen  -image /home/kiran/Projects/fpgaProjects/EmbeddedSystemDesign/mio_led/mio_led_vitis/mio_led_vitis_system/Debug/sd_card_temp/boot.bif -w -o i BOOT.BIN
