#-----------------------------------------------------------
# Vivado v2022.2 (64-bit)
# SW Build 3671981 on Fri Oct 14 04:59:54 MDT 2022
# IP Build 3669848 on Fri Oct 14 08:30:02 MDT 2022
# Start of session at: Wed Jan 31 17:02:35 2024
# Process ID: 12491
# Current directory: /home/kiran/Projects/fpgaProjects/EmbeddedSystemDesign/mio_gpio/mio_gpio_vivado/mio_gpio_vivado.runs/synth_1
# Command line: vivado -log mio_gpio_wrapper.vds -product Vivado -mode batch -messageDb vivado.pb -notrace -source mio_gpio_wrapper.tcl
# Log file: /home/kiran/Projects/fpgaProjects/EmbeddedSystemDesign/mio_gpio/mio_gpio_vivado/mio_gpio_vivado.runs/synth_1/mio_gpio_wrapper.vds
# Journal file: /home/kiran/Projects/fpgaProjects/EmbeddedSystemDesign/mio_gpio/mio_gpio_vivado/mio_gpio_vivado.runs/synth_1/vivado.jou
# Running On: SuperComp, OS: Linux, CPU Frequency: 3454.384 MHz, CPU Physical cores: 4, Host memory: 25066 MB
#-----------------------------------------------------------
source mio_gpio_wrapper.tcl -notrace
