Nothing to build in platform 'mio_gpio_wrapper'

18:25:25 **** Incremental Build of configuration Debug for project mio_gpio ****
make all 
make --no-print-directory pre-build
a9-linaro-pre-build-step
 
make --no-print-directory main-build
Building file: ../src/helloworld.c
Invoking: ARM v7 gcc compiler
arm-none-eabi-gcc -Wall -O0 -g3 -c -fmessage-length=0 -MT"src/helloworld.o" -mcpu=cortex-a9 -mfpu=vfpv3 -mfloat-abi=hard -I/home/kiran/Projects/fpgaProjects/EmbeddedSystemDesign/mio_gpio/mio_gpio_vitis/mio_gpio_wrapper/export/mio_gpio_wrapper/sw/mio_gpio_wrapper/standalone_ps7_cortexa9_0/bspinclude/include -MMD -MP -MF"src/helloworld.d" -MT"src/helloworld.o" -o "src/helloworld.o" "../src/helloworld.c"
../src/helloworld.c: In function 'main':
../src/helloworld.c:89:9: warning: implicit declaration of function 'sleep' [-Wimplicit-function-declaration]
   89 |         sleep(1);
      |         ^~~~~
Finished building: ../src/helloworld.c
 
Building target: mio_gpio.elf
Invoking: ARM v7 gcc linker
arm-none-eabi-gcc -mcpu=cortex-a9 -mfpu=vfpv3 -mfloat-abi=hard -Wl,-build-id=none -specs=Xilinx.spec -Wl,-T -Wl,../src/lscript.ld -L/home/kiran/Projects/fpgaProjects/EmbeddedSystemDesign/mio_gpio/mio_gpio_vitis/mio_gpio_wrapper/export/mio_gpio_wrapper/sw/mio_gpio_wrapper/standalone_ps7_cortexa9_0/bsplib/lib -o "mio_gpio.elf" ./src/helloworld.o ./src/platform.o   -Wl,--start-group,-lxil,-lgcc,-lc,--end-group
Finished building target: mio_gpio.elf
 
Invoking: ARM v7 Print Size
arm-none-eabi-size mio_gpio.elf  |tee "mio_gpio.elf.size"
   text	   data	    bss	    dec	    hex	filename
  25777	   1152	  22616	  49545	   c189	mio_gpio.elf
Finished building: mio_gpio.elf.size
 
